---
source: fs/sa/crates/dbt-jinja-utils/src/environment_builder.rs
expression: "\"test_package one\""
---
test_package one
